---
source: packages/beff-core/tests/print_parser.rs
expression: "ok(r#\"\n        export type ABC = {}\n        export type KABC = keyof ABC\n     \n        parse.buildParsers<{ KABC: KABC }>();\n      \"#)"
---
type ABC = {};
type KABC = never;
type KABC = KABC;
