---
source: packages/beff-core/tests/print_parser.rs
expression: "ok(r#\"\n        export type ABC = {}\n        export type KABC = keyof ABC\n\n        export type DEF = {\n            a: string\n        }\n        export type KDEF = keyof DEF\n\n        export type K = KABC | KDEF\n\n        parse.buildParsers<{ K: K }>();\n      \"#)"
---
type ABC = {};
type DEF = { "a": string };
type K = KABC | KDEF;
type KABC = never;
type KDEF = "a";
type K = K;
