---
source: packages/beff-core/tests/print_parser.rs
expression: "decoder(r#\"\n        export type Alias = {a:string}\n        parse.buildParsers<{ Dec: Alias }>();\n      \"#)"
---
function ValidateAlias(ctx, input) {
    return (hoisted_Alias_0.validateObjectValidator.bind(hoisted_Alias_0))(ctx, input);
}
function ParseAlias(ctx, input) {
    return (hoisted_Alias_1.parseObjectParser.bind(hoisted_Alias_1))(ctx, input);
}
function ReportAlias(ctx, input) {
    return (hoisted_Alias_2.reportObjectReporter.bind(hoisted_Alias_2))(ctx, input);
}
const validators = {
    Alias: ValidateAlias
};
const parsers = {
    Alias: ParseAlias
};
const reporters = {
    Alias: ReportAlias
};
const hoisted_Alias_0 = new ObjectValidator({
    "a": validateString
}, null);
const hoisted_Alias_1 = new ObjectParser({
    "a": parseIdentity
}, null);
const hoisted_Alias_2 = new ObjectReporter({
    "a": validateString
}, null, {
    "a": reportString
}, null);
