---
source: packages/beff-core/tests/print_parser.rs
expression: "decoder(r#\"\n        export type Alias = string;\n        parse.buildParsers<{ Dec: Alias }>();\n      \"#)"
snapshot_kind: text
---
function ValidateAlias(ctx, input) {
    return (validateString)(ctx, input);
}
function ParseAlias(ctx, input) {
    return (parseIdentity)(ctx, input);
}
function ReportAlias(ctx, input) {
    return (reportString)(ctx, input);
}
function SchemaAlias(ctx, input) {
    if (ctx.seen["Alias"]) {
        throw new Error("Failed to print schema. At Alias: circular reference in schema");
    }
    ctx.seen["Alias"] = true;
    var tmp = (schemaString)(ctx);
    delete ctx.seen["Alias"];
    return tmp;
}
const validators = {
    Alias: ValidateAlias
};
const parsers = {
    Alias: ParseAlias
};
const reporters = {
    Alias: ReportAlias
};
const schemas = {
    Alias: SchemaAlias
};
