---
source: packages/beff-core/tests/print_parser.rs
expression: "decoder(r#\"\n        export type DiscriminatedUnion4 =\n            | {\n                type: \"a\";\n                a: {\n                  subType: \"a1\";\n                  a1: string;\n                };\n              }\n            | {\n                type: \"a\";\n                a: {\n                  subType: \"a2\";\n                  a2: string;\n                };\n              };\n        parse.buildParsers<{ DiscriminatedUnion4: DiscriminatedUnion4 }>();\n      \"#)"
---
function ValidateDiscriminatedUnion4(ctx, input) {
    return (hoisted_DiscriminatedUnion4_12.validateAnyOfValidator.bind(hoisted_DiscriminatedUnion4_12))(ctx, input);
}
function ParseDiscriminatedUnion4(ctx, input) {
    return (hoisted_DiscriminatedUnion4_13.parseAnyOfParser.bind(hoisted_DiscriminatedUnion4_13))(ctx, input);
}
const validators = {
    DiscriminatedUnion4: ValidateDiscriminatedUnion4
};
const parsers = {
    DiscriminatedUnion4: ParseDiscriminatedUnion4
};
const hoisted_DiscriminatedUnion4_0 = new ConstDecoder("a1");
const hoisted_DiscriminatedUnion4_1 = new ObjectValidator({
    "a1": validateString,
    "subType": hoisted_DiscriminatedUnion4_0.validateConstDecoder.bind(hoisted_DiscriminatedUnion4_0)
}, null);
const hoisted_DiscriminatedUnion4_2 = new ObjectParser({
    "a1": parseIdentity,
    "subType": hoisted_DiscriminatedUnion4_0.parseConstDecoder.bind(hoisted_DiscriminatedUnion4_0)
}, null);
const hoisted_DiscriminatedUnion4_3 = new ConstDecoder("a");
const hoisted_DiscriminatedUnion4_4 = new ObjectValidator({
    "a": hoisted_DiscriminatedUnion4_1.validateObjectValidator.bind(hoisted_DiscriminatedUnion4_1),
    "type": hoisted_DiscriminatedUnion4_3.validateConstDecoder.bind(hoisted_DiscriminatedUnion4_3)
}, null);
const hoisted_DiscriminatedUnion4_5 = new ObjectParser({
    "a": hoisted_DiscriminatedUnion4_2.parseObjectParser.bind(hoisted_DiscriminatedUnion4_2),
    "type": hoisted_DiscriminatedUnion4_3.parseConstDecoder.bind(hoisted_DiscriminatedUnion4_3)
}, null);
const hoisted_DiscriminatedUnion4_6 = new ConstDecoder("a2");
const hoisted_DiscriminatedUnion4_7 = new ObjectValidator({
    "a2": validateString,
    "subType": hoisted_DiscriminatedUnion4_6.validateConstDecoder.bind(hoisted_DiscriminatedUnion4_6)
}, null);
const hoisted_DiscriminatedUnion4_8 = new ObjectParser({
    "a2": parseIdentity,
    "subType": hoisted_DiscriminatedUnion4_6.parseConstDecoder.bind(hoisted_DiscriminatedUnion4_6)
}, null);
const hoisted_DiscriminatedUnion4_9 = new ConstDecoder("a");
const hoisted_DiscriminatedUnion4_10 = new ObjectValidator({
    "a": hoisted_DiscriminatedUnion4_7.validateObjectValidator.bind(hoisted_DiscriminatedUnion4_7),
    "type": hoisted_DiscriminatedUnion4_9.validateConstDecoder.bind(hoisted_DiscriminatedUnion4_9)
}, null);
const hoisted_DiscriminatedUnion4_11 = new ObjectParser({
    "a": hoisted_DiscriminatedUnion4_8.parseObjectParser.bind(hoisted_DiscriminatedUnion4_8),
    "type": hoisted_DiscriminatedUnion4_9.parseConstDecoder.bind(hoisted_DiscriminatedUnion4_9)
}, null);
const hoisted_DiscriminatedUnion4_12 = new AnyOfValidator([
    hoisted_DiscriminatedUnion4_4.validateObjectValidator.bind(hoisted_DiscriminatedUnion4_4),
    hoisted_DiscriminatedUnion4_10.validateObjectValidator.bind(hoisted_DiscriminatedUnion4_10)
]);
const hoisted_DiscriminatedUnion4_13 = new AnyOfParser([
    hoisted_DiscriminatedUnion4_5.parseObjectParser.bind(hoisted_DiscriminatedUnion4_5),
    hoisted_DiscriminatedUnion4_11.parseObjectParser.bind(hoisted_DiscriminatedUnion4_11)
]);
