---
source: packages/beff-core/tests/print_parser.rs
expression: "decoder(r#\"\n        export type Alias = string | number\n        parse.buildParsers<{ Dec: Alias }>();\n      \"#)"
---
function ValidateAlias(ctx, input) {
    return (hoisted_Alias_0.validateAnyOfValidator.bind(hoisted_Alias_0))(ctx, input);
}
function ParseAlias(ctx, input) {
    return (hoisted_Alias_1.parseAnyOfParser.bind(hoisted_Alias_1))(ctx, input);
}
const validators = {
    Alias: ValidateAlias
};
const parsers = {
    Alias: ParseAlias
};
const hoisted_Alias_0 = new AnyOfValidator([
    validateString,
    validateNumber
]);
const hoisted_Alias_1 = new AnyOfParser([
    validateString,
    validateNumber
], [
    parseIdentity,
    parseIdentity
]);
