---
source: packages/beff-core/tests/print_parser.rs
expression: "ok(r#\"\n        export const ABC = {a: \"b\", c: \"d\"} as const satisfies Record<string, string>;\n        export type AllTs = (keyof typeof ABC);\n\n        parse.buildParsers<{ AllTs: AllTs }>();\n      \"#)"
---
type AllTs = "a" | "c";
type AllTs = AllTs;
