---
source: packages/beff-core/tests/print_parser.rs
expression: "ok(r#\"\n        const val = {a: 1} as const;\n        const spread = {...val, b: 2} as const;\n        export type AllTs = typeof spread;\n\n        parse.buildParsers<{ AllTs: AllTs }>();\n      \"#)"
---
type AllTs = { "a": 1; "b": 2 };
type AllTs = AllTs;
