---
source: packages/beff-core/tests/print_parser.rs
expression: "decoder(r#\"\n        export type Alias = Date\n        parse.buildParsers<{ Dec: Alias }>();\n      \"#)"
snapshot_kind: text
---
function ValidateAlias(ctx, input) {
    return (hoisted_Alias_0.validateCodecDecoder.bind(hoisted_Alias_0))(ctx, input);
}
function ParseAlias(ctx, input) {
    return (hoisted_Alias_0.parseCodecDecoder.bind(hoisted_Alias_0))(ctx, input);
}
function ReportAlias(ctx, input) {
    return (hoisted_Alias_0.reportCodecDecoder.bind(hoisted_Alias_0))(ctx, input);
}
function SchemaAlias(ctx, input) {
    if (ctx.seen["Alias"]) {
        throw new Error("Failed to print schema. At Alias: circular reference in schema");
    }
    ctx.seen["Alias"] = true;
    var tmp = (hoisted_Alias_0.schemaCodecDecoder.bind(hoisted_Alias_0))(ctx);
    delete ctx.seen["Alias"];
    return tmp;
}
const validators = {
    Alias: ValidateAlias
};
const parsers = {
    Alias: ParseAlias
};
const reporters = {
    Alias: ReportAlias
};
const schemas = {
    Alias: SchemaAlias
};
const hoisted_Alias_0 = new CodecDecoder("Codec::ISO8061");
